Shell debugging temporarily silenced: export LMOD_SH_DBG_ON=1 for Lmod's output
Shell debugging restarted
Shell debugging temporarily silenced: export LMOD_SH_DBG_ON=1 for Lmod's output
Shell debugging restarted
Shell debugging temporarily silenced: export LMOD_SH_DBG_ON=1 for Lmod's output
Shell debugging restarted
Shell debugging temporarily silenced: export LMOD_SH_DBG_ON=1 for Lmod's output
Shell debugging restarted
conda-forge/linux-64                                        Using cache
conda-forge/noarch                                          Using cache

Pinned packages:
  - python 3.11.*


Transaction

  Prefix: /work2/09647/erikgarrison/stampede3/micromamba/envs/gruboros

  All requested packages already installed


Transaction starting

Transaction finished

To activate this environment, use:

    micromamba activate gruboros

Or to execute a single command in this environment, use:

    micromamba run -n gruboros mycommand

Using 4 GPUs per node (Stampede3 H100 configuration)
Job ID: 2248395
Node list: c561-[006-007],c562-[004-005]
Master addr: 129.114.122.175
Output dir: /scratch/09647/erikgarrison/models/gruboros/20250817_072658_350m_enwik9_4node_1k_4batch_4a0eda7
Data path: /scratch/09647/erikgarrison/train/enwik9
Starting 350M parameter pure RNN training on 4 H100 nodes with 1k chunk size, 4 batch size
Task starting: RANK=2 LOCAL_RANK=2 on c561-006.stampede3.tacc.utexas.edu
Task starting: RANK=3 LOCAL_RANK=3 on c561-006.stampede3.tacc.utexas.edu
Task starting: RANK=0 LOCAL_RANK=0 on c561-006.stampede3.tacc.utexas.edu
Task starting: RANK=1 LOCAL_RANK=1 on c561-006.stampede3.tacc.utexas.edu
Task starting: RANK=15 LOCAL_RANK=3 on c562-005.stampede3.tacc.utexas.edu
Task starting: RANK=10 LOCAL_RANK=2 on c562-004.stampede3.tacc.utexas.edu
Task starting: RANK=6 LOCAL_RANK=2 on c561-007.stampede3.tacc.utexas.edu
Task starting: RANK=8 LOCAL_RANK=0 on c562-004.stampede3.tacc.utexas.edu
Task starting: RANK=14 LOCAL_RANK=2 on c562-005.stampede3.tacc.utexas.edu
Task starting: RANK=11 LOCAL_RANK=3 on c562-004.stampede3.tacc.utexas.edu
Task starting: RANK=12 LOCAL_RANK=0 on c562-005.stampede3.tacc.utexas.edu
Task starting: RANK=9 LOCAL_RANK=1 on c562-004.stampede3.tacc.utexas.edu
Task starting: RANK=13 LOCAL_RANK=1 on c562-005.stampede3.tacc.utexas.edu
Task starting: RANK=7 LOCAL_RANK=3 on c561-007.stampede3.tacc.utexas.edu
Task starting: RANK=4 LOCAL_RANK=0 on c561-007.stampede3.tacc.utexas.edu
Task starting: RANK=5 LOCAL_RANK=1 on c561-007.stampede3.tacc.utexas.edu
Rank 4: Barrier timeout, continuing anyway...
Rank 6: Barrier timeout, continuing anyway...
Rank 5: Barrier timeout, continuing anyway...
Rank 7: Barrier timeout, continuing anyway...
Rank 8: Barrier timeout, continuing anyway...
Rank 9: Barrier timeout, continuing anyway...
Rank 11: Barrier timeout, continuing anyway...
Rank 10: Barrier timeout, continuing anyway...
Rank 12: Barrier timeout, continuing anyway...
Rank 13: Barrier timeout, continuing anyway...
Rank 14: Barrier timeout, continuing anyway...
Rank 15: Barrier timeout, continuing anyway...
Rank 1: Barrier timeout, continuing anyway...
Rank 3: Barrier timeout, continuing anyway...

Re-seeded Python's random module per-rank to ensure stochastic mixing.

Rank 0: Barrier timeout, continuing anyway...
Model size: 365.4M parameters
Configuration: {'num_tokens': 256, 'dim': 1024, 'depth': 29, 'ff_mult': 0.0, 'expansion': 4.0, 'enable_conv': False, 'dropout': 0.0}

--- Document Streaming Training ---
Document delimiter: 0x1e (each GPU reads different documents)
Chunk size: 1024 tokens
Dynamic optimization: at document boundaries OR every 16 chunks (whichever comes first)
Hidden state: resets at document boundaries for proper context
Per-GPU token tracking: each GPU processes different portions of the dataset
-------------------------------------

Rank 2: Barrier timeout, continuing anyway...
