+ module load gcc/13.2.0
+ '[' -z '' ']'
+ case "$-" in
+ __lmod_sh_dbg=x
+ '[' -n x ']'
+ set +x

Lmod is automatically replacing "intel/24.0" with "gcc/13.2.0".


Due to MODULEPATH changes, the following have been reloaded:
  1) impi/21.11

+ unset __lmod_sh_dbg
+ return 0
+ module load cuda/12.8
+ '[' -z '' ']'
+ case "$-" in
+ __lmod_sh_dbg=x
+ '[' -n x ']'
+ set +x
+ unset __lmod_sh_dbg
+ return 0
+ module load python/3.9.18
+ '[' -z '' ']'
+ case "$-" in
+ __lmod_sh_dbg=x
+ '[' -n x ']'
+ set +x
+ unset __lmod_sh_dbg
+ return 0
+ module list
+ '[' -z '' ']'
+ case "$-" in
+ __lmod_sh_dbg=x
+ '[' -n x ']'
+ set +x

Currently Loaded Modules:
  1) autotools/1.4   3) xalt/3.1.1   5) gcc/13.2.0   7) cuda/12.8     (g)
  2) cmake/3.31.5    4) TACC         6) impi/21.11   8) python/3.9.18

  Where:
   g:  built for GPU

 

+ unset __lmod_sh_dbg
+ return 0
++ micromamba shell hook
error    libmamba Please provide a shell type.
    Run with --help for more information.
    
critical libmamba Unknown shell type. Aborting.
+ eval ''
+ micromamba activate gruboros
critical libmamba Shell not initialized
