+ module load gcc/13.2.0
+ '[' -z '' ']'
+ case "$-" in
+ __lmod_sh_dbg=x
+ '[' -n x ']'
+ set +x

Lmod is automatically replacing "intel/24.0" with "gcc/13.2.0".


Due to MODULEPATH changes, the following have been reloaded:
  1) impi/21.11

+ unset __lmod_sh_dbg
+ return 0
+ module load cuda/12.8
+ '[' -z '' ']'
+ case "$-" in
+ __lmod_sh_dbg=x
+ '[' -n x ']'
+ set +x
+ unset __lmod_sh_dbg
+ return 0
+ module load python/3.9.18
+ '[' -z '' ']'
+ case "$-" in
+ __lmod_sh_dbg=x
+ '[' -n x ']'
+ set +x
+ unset __lmod_sh_dbg
+ return 0
+ module list
+ '[' -z '' ']'
+ case "$-" in
+ __lmod_sh_dbg=x
+ '[' -n x ']'
+ set +x

Currently Loaded Modules:
  1) autotools/1.4   3) xalt/3.1.1   5) gcc/13.2.0   7) cuda/12.8     (g)
  2) cmake/3.31.5    4) TACC         6) impi/21.11   8) python/3.9.18

  Where:
   g:  built for GPU

 

+ unset __lmod_sh_dbg
+ return 0
++ micromamba shell hook --shell bash
+ eval '
# Copyright (C) 2012 Anaconda, Inc
# SPDX-License-Identifier: BSD-3-Clause

__mamba_exe() (
    "/home1/09647/erikgarrison/bin/micromamba" "${@}"
)

__mamba_hashr() {
    if [ -n "${ZSH_VERSION:+x}" ]; then
        \rehash
    elif [ -n "${POSH_VERSION:+x}" ]; then
        :  # pass
    else
        \hash -r
    fi
}

__mamba_xctivate() {
    \local ask_conda
    ask_conda="$(PS1="${PS1:-}" __mamba_exe shell "${@}" --shell bash)" || \return
    \eval "${ask_conda}"
    __mamba_hashr
}

micromamba() {
    \local cmd="${1-__missing__}"
    case "${cmd}" in
        activate|reactivate|deactivate)
            __mamba_xctivate "${@}"
            ;;
        install|update|upgrade|remove|uninstall)
            __mamba_exe "${@}" || \return
            __mamba_xctivate reactivate
            ;;
        self-update)
            __mamba_exe "${@}" || \return

            # remove leftover backup file on Windows
            if [ -f "/home1/09647/erikgarrison/bin/micromamba.bkup" ]; then
                rm -f "/home1/09647/erikgarrison/bin/micromamba.bkup"
            fi
            ;;
        *)
            __mamba_exe "${@}"
            ;;
    esac
}

if [ -z "${CONDA_SHLVL+x}" ]; then
    \export CONDA_SHLVL=0
    # In dev-mode MAMBA_EXE is python.exe and on Windows
    # it is in a different relative location to condabin.
    if [ -n "${_CE_CONDA+x}" ] && [ -n "${WINDIR+x}" ]; then
        PATH="${MAMBA_ROOT_PREFIX}/condabin:${PATH}"
    else
        PATH="${MAMBA_ROOT_PREFIX}/condabin:${PATH}"
    fi
    \export PATH

    # We'\''re not allowing PS1 to be unbound. It must at least be set.
    # However, we'\''re not exporting it, which can cause problems when starting a second shell
    # via a first shell (i.e. starting zsh from bash).
    if [ -z "${PS1+x}" ]; then
        PS1=
    fi
fi

if [ -n "${ZSH_VERSION:+x}" ]; then
  if ! command -v compinit > /dev/null; then
    autoload -U +X compinit && if [[ "${ZSH_DISABLE_COMPFIX-}" = true ]]; then
      compinit -u
    else
      compinit
    fi
  fi
  autoload -U +X bashcompinit && bashcompinit

  _umamba_zsh_completions()
  {
    COMPREPLY=($(__mamba_exe completer "${(@s: :)${(@s: :)COMP_LINE}:1}"))
  }

  complete -o default -F _umamba_zsh_completions micromamba
fi
if [ -n "${BASH_VERSION:+x}" ]; then
  _umamba_bash_completions()
  {
    COMPREPLY=($(__mamba_exe completer "${COMP_WORDS[@]:1}"))
  }
  complete -o default -F _umamba_bash_completions micromamba
fi'
++ '[' -z x ']'
++ '[' -n '' ']'
++ '[' -n x ']'
++ complete -o default -F _umamba_bash_completions micromamba
+ micromamba activate gruboros
+ local cmd=activate
+ case "${cmd}" in
+ __mamba_xctivate activate gruboros
+ local ask_conda
++ PS1=
++ __mamba_exe shell activate gruboros --shell bash
++ /home1/09647/erikgarrison/bin/micromamba shell activate gruboros --shell bash
+ ask_conda='PS1='\''(gruboros) '\''
export PATH='\''/work2/09647/erikgarrison/stampede3/micromamba/envs/gruboros/bin:/opt/apps/xalt/xalt/bin:/scratch/projects/compilers/intel24.0/oneapi/intelpython/python3.9/bin:/home1/apps/nvidia/Linux_x86_64/25.3/comm_libs/12.8/nvshmem/bin:/home1/apps/nvidia/Linux_x86_64/25.3/cuda/12.8/bin:/opt/intel/oneapi/mpi/2021.11/opt/mpi/libfabric/bin:/opt/intel/oneapi/mpi/2021.11/libfabric/bin:/opt/intel/oneapi/mpi/2021.11/bin:/opt/apps/gcc/13.2.0/bin:/home1/09647/erikgarrison/bin:/home1/09647/erikgarrison/.nvm/versions/node/v22.17.1/bin:/work2/09647/erikgarrison/stampede3/micromamba/condabin:/home1/09647/erikgarrison/.cargo/bin:/home1/apps/cmake/3.31.5/bin:/opt/apps/autotools/1.4/bin:/usr/local/bin:/usr/bin:/usr/local/sbin:/usr/sbin:.:/home1/09647/erikgarrison/.fzf/bin'\''
export CONDA_PREFIX='\''/work2/09647/erikgarrison/stampede3/micromamba/envs/gruboros'\''
export CONDA_SHLVL='\''1'\''
export CONDA_DEFAULT_ENV='\''gruboros'\''
export CONDA_PROMPT_MODIFIER='\''(gruboros) '\''
. "/work2/09647/erikgarrison/stampede3/micromamba/envs/gruboros/etc/conda/activate.d/libblas_mkl_activate.sh"
. "/work2/09647/erikgarrison/stampede3/micromamba/envs/gruboros/etc/conda/activate.d/libxml2_activate.sh"'
+ eval 'PS1='\''(gruboros) '\''
export PATH='\''/work2/09647/erikgarrison/stampede3/micromamba/envs/gruboros/bin:/opt/apps/xalt/xalt/bin:/scratch/projects/compilers/intel24.0/oneapi/intelpython/python3.9/bin:/home1/apps/nvidia/Linux_x86_64/25.3/comm_libs/12.8/nvshmem/bin:/home1/apps/nvidia/Linux_x86_64/25.3/cuda/12.8/bin:/opt/intel/oneapi/mpi/2021.11/opt/mpi/libfabric/bin:/opt/intel/oneapi/mpi/2021.11/libfabric/bin:/opt/intel/oneapi/mpi/2021.11/bin:/opt/apps/gcc/13.2.0/bin:/home1/09647/erikgarrison/bin:/home1/09647/erikgarrison/.nvm/versions/node/v22.17.1/bin:/work2/09647/erikgarrison/stampede3/micromamba/condabin:/home1/09647/erikgarrison/.cargo/bin:/home1/apps/cmake/3.31.5/bin:/opt/apps/autotools/1.4/bin:/usr/local/bin:/usr/bin:/usr/local/sbin:/usr/sbin:.:/home1/09647/erikgarrison/.fzf/bin'\''
export CONDA_PREFIX='\''/work2/09647/erikgarrison/stampede3/micromamba/envs/gruboros'\''
export CONDA_SHLVL='\''1'\''
export CONDA_DEFAULT_ENV='\''gruboros'\''
export CONDA_PROMPT_MODIFIER='\''(gruboros) '\''
. "/work2/09647/erikgarrison/stampede3/micromamba/envs/gruboros/etc/conda/activate.d/libblas_mkl_activate.sh"
. "/work2/09647/erikgarrison/stampede3/micromamba/envs/gruboros/etc/conda/activate.d/libxml2_activate.sh"'
++ PS1='(gruboros) '
++ export PATH=/work2/09647/erikgarrison/stampede3/micromamba/envs/gruboros/bin:/opt/apps/xalt/xalt/bin:/scratch/projects/compilers/intel24.0/oneapi/intelpython/python3.9/bin:/home1/apps/nvidia/Linux_x86_64/25.3/comm_libs/12.8/nvshmem/bin:/home1/apps/nvidia/Linux_x86_64/25.3/cuda/12.8/bin:/opt/intel/oneapi/mpi/2021.11/opt/mpi/libfabric/bin:/opt/intel/oneapi/mpi/2021.11/libfabric/bin:/opt/intel/oneapi/mpi/2021.11/bin:/opt/apps/gcc/13.2.0/bin:/home1/09647/erikgarrison/bin:/home1/09647/erikgarrison/.nvm/versions/node/v22.17.1/bin:/work2/09647/erikgarrison/stampede3/micromamba/condabin:/home1/09647/erikgarrison/.cargo/bin:/home1/apps/cmake/3.31.5/bin:/opt/apps/autotools/1.4/bin:/usr/local/bin:/usr/bin:/usr/local/sbin:/usr/sbin:.:/home1/09647/erikgarrison/.fzf/bin
++ PATH=/work2/09647/erikgarrison/stampede3/micromamba/envs/gruboros/bin:/opt/apps/xalt/xalt/bin:/scratch/projects/compilers/intel24.0/oneapi/intelpython/python3.9/bin:/home1/apps/nvidia/Linux_x86_64/25.3/comm_libs/12.8/nvshmem/bin:/home1/apps/nvidia/Linux_x86_64/25.3/cuda/12.8/bin:/opt/intel/oneapi/mpi/2021.11/opt/mpi/libfabric/bin:/opt/intel/oneapi/mpi/2021.11/libfabric/bin:/opt/intel/oneapi/mpi/2021.11/bin:/opt/apps/gcc/13.2.0/bin:/home1/09647/erikgarrison/bin:/home1/09647/erikgarrison/.nvm/versions/node/v22.17.1/bin:/work2/09647/erikgarrison/stampede3/micromamba/condabin:/home1/09647/erikgarrison/.cargo/bin:/home1/apps/cmake/3.31.5/bin:/opt/apps/autotools/1.4/bin:/usr/local/bin:/usr/bin:/usr/local/sbin:/usr/sbin:.:/home1/09647/erikgarrison/.fzf/bin
++ export CONDA_PREFIX=/work2/09647/erikgarrison/stampede3/micromamba/envs/gruboros
++ CONDA_PREFIX=/work2/09647/erikgarrison/stampede3/micromamba/envs/gruboros
++ export CONDA_SHLVL=1
++ CONDA_SHLVL=1
++ export CONDA_DEFAULT_ENV=gruboros
++ CONDA_DEFAULT_ENV=gruboros
++ export 'CONDA_PROMPT_MODIFIER=(gruboros) '
++ CONDA_PROMPT_MODIFIER='(gruboros) '
++ . /work2/09647/erikgarrison/stampede3/micromamba/envs/gruboros/etc/conda/activate.d/libblas_mkl_activate.sh
+++ export CONDA_MKL_INTERFACE_LAYER_BACKUP=
+++ CONDA_MKL_INTERFACE_LAYER_BACKUP=
+++ export MKL_INTERFACE_LAYER=LP64,GNU
+++ MKL_INTERFACE_LAYER=LP64,GNU
++ . /work2/09647/erikgarrison/stampede3/micromamba/envs/gruboros/etc/conda/activate.d/libxml2_activate.sh
+++ test -n ''
+++ xml_catalog_files_libxml2=
+++ XML_CATALOG_FILES=
+++ conda_catalog_files=
+++ ifs_libxml2=' 	
'
+++ IFS=' '
+++ rem=/work2/09647/erikgarrison/stampede3/micromamba/envs/gruboros
+++ for pre in ${rem}
+++ test '' = /work2/09647/erikgarrison/stampede3/micromamba/envs/gruboros
+++ conda_catalog_files=/work2/09647/erikgarrison/stampede3/micromamba/envs/gruboros
+++ rem=
+++ IFS=' 	
'
+++ conda_catalog_files='file:///work2/09647/erikgarrison/stampede3/micromamba/envs/gruboros/etc/xml/catalog file:///etc/xml/catalog'
+++ export 'XML_CATALOG_FILES=file:///work2/09647/erikgarrison/stampede3/micromamba/envs/gruboros/etc/xml/catalog file:///etc/xml/catalog'
+++ XML_CATALOG_FILES='file:///work2/09647/erikgarrison/stampede3/micromamba/envs/gruboros/etc/xml/catalog file:///etc/xml/catalog'
+++ unset conda_catalog_files ifs_libxml2 rem
+ __mamba_hashr
+ '[' -n '' ']'
+ '[' -n '' ']'
+ hash -r
+ micromamba install -y scipy -c conda-forge
+ local cmd=install
+ case "${cmd}" in
+ __mamba_exe install -y scipy -c conda-forge
+ /home1/09647/erikgarrison/bin/micromamba install -y scipy -c conda-forge
+ __mamba_xctivate reactivate
+ local ask_conda
++ PS1='(gruboros) '
++ __mamba_exe shell reactivate --shell bash
++ /home1/09647/erikgarrison/bin/micromamba shell reactivate --shell bash
+ ask_conda='. "/work2/09647/erikgarrison/stampede3/micromamba/envs/gruboros/etc/conda/deactivate.d/libxml2_deactivate.sh"
. "/work2/09647/erikgarrison/stampede3/micromamba/envs/gruboros/etc/conda/deactivate.d/libblas_mkl_deactivate.sh"
PS1='\''(gruboros) '\''
export PATH='\''/work2/09647/erikgarrison/stampede3/micromamba/envs/gruboros/bin:/opt/apps/xalt/xalt/bin:/scratch/projects/compilers/intel24.0/oneapi/intelpython/python3.9/bin:/home1/apps/nvidia/Linux_x86_64/25.3/comm_libs/12.8/nvshmem/bin:/home1/apps/nvidia/Linux_x86_64/25.3/cuda/12.8/bin:/opt/intel/oneapi/mpi/2021.11/opt/mpi/libfabric/bin:/opt/intel/oneapi/mpi/2021.11/libfabric/bin:/opt/intel/oneapi/mpi/2021.11/bin:/opt/apps/gcc/13.2.0/bin:/home1/09647/erikgarrison/bin:/home1/09647/erikgarrison/.nvm/versions/node/v22.17.1/bin:/work2/09647/erikgarrison/stampede3/micromamba/condabin:/home1/09647/erikgarrison/.cargo/bin:/home1/apps/cmake/3.31.5/bin:/opt/apps/autotools/1.4/bin:/usr/local/bin:/usr/bin:/usr/local/sbin:/usr/sbin:.:/home1/09647/erikgarrison/.fzf/bin'\''
export CONDA_SHLVL='\''1'\''
export CONDA_PROMPT_MODIFIER='\''(gruboros) '\''
. "/work2/09647/erikgarrison/stampede3/micromamba/envs/gruboros/etc/conda/activate.d/libblas_mkl_activate.sh"
. "/work2/09647/erikgarrison/stampede3/micromamba/envs/gruboros/etc/conda/activate.d/libxml2_activate.sh"'
+ eval '. "/work2/09647/erikgarrison/stampede3/micromamba/envs/gruboros/etc/conda/deactivate.d/libxml2_deactivate.sh"
. "/work2/09647/erikgarrison/stampede3/micromamba/envs/gruboros/etc/conda/deactivate.d/libblas_mkl_deactivate.sh"
PS1='\''(gruboros) '\''
export PATH='\''/work2/09647/erikgarrison/stampede3/micromamba/envs/gruboros/bin:/opt/apps/xalt/xalt/bin:/scratch/projects/compilers/intel24.0/oneapi/intelpython/python3.9/bin:/home1/apps/nvidia/Linux_x86_64/25.3/comm_libs/12.8/nvshmem/bin:/home1/apps/nvidia/Linux_x86_64/25.3/cuda/12.8/bin:/opt/intel/oneapi/mpi/2021.11/opt/mpi/libfabric/bin:/opt/intel/oneapi/mpi/2021.11/libfabric/bin:/opt/intel/oneapi/mpi/2021.11/bin:/opt/apps/gcc/13.2.0/bin:/home1/09647/erikgarrison/bin:/home1/09647/erikgarrison/.nvm/versions/node/v22.17.1/bin:/work2/09647/erikgarrison/stampede3/micromamba/condabin:/home1/09647/erikgarrison/.cargo/bin:/home1/apps/cmake/3.31.5/bin:/opt/apps/autotools/1.4/bin:/usr/local/bin:/usr/bin:/usr/local/sbin:/usr/sbin:.:/home1/09647/erikgarrison/.fzf/bin'\''
export CONDA_SHLVL='\''1'\''
export CONDA_PROMPT_MODIFIER='\''(gruboros) '\''
. "/work2/09647/erikgarrison/stampede3/micromamba/envs/gruboros/etc/conda/activate.d/libblas_mkl_activate.sh"
. "/work2/09647/erikgarrison/stampede3/micromamba/envs/gruboros/etc/conda/activate.d/libxml2_activate.sh"'
++ . /work2/09647/erikgarrison/stampede3/micromamba/envs/gruboros/etc/conda/deactivate.d/libxml2_deactivate.sh
+++ test -n ''
+++ unset XML_CATALOG_FILES
+++ unset xml_catalog_files_libxml2
++ . /work2/09647/erikgarrison/stampede3/micromamba/envs/gruboros/etc/conda/deactivate.d/libblas_mkl_deactivate.sh
+++ '[' '' = '' ']'
+++ unset MKL_INTERFACE_LAYER
+++ unset CONDA_MKL_INTERFACE_LAYER_BACKUP
++ PS1='(gruboros) '
++ export PATH=/work2/09647/erikgarrison/stampede3/micromamba/envs/gruboros/bin:/opt/apps/xalt/xalt/bin:/scratch/projects/compilers/intel24.0/oneapi/intelpython/python3.9/bin:/home1/apps/nvidia/Linux_x86_64/25.3/comm_libs/12.8/nvshmem/bin:/home1/apps/nvidia/Linux_x86_64/25.3/cuda/12.8/bin:/opt/intel/oneapi/mpi/2021.11/opt/mpi/libfabric/bin:/opt/intel/oneapi/mpi/2021.11/libfabric/bin:/opt/intel/oneapi/mpi/2021.11/bin:/opt/apps/gcc/13.2.0/bin:/home1/09647/erikgarrison/bin:/home1/09647/erikgarrison/.nvm/versions/node/v22.17.1/bin:/work2/09647/erikgarrison/stampede3/micromamba/condabin:/home1/09647/erikgarrison/.cargo/bin:/home1/apps/cmake/3.31.5/bin:/opt/apps/autotools/1.4/bin:/usr/local/bin:/usr/bin:/usr/local/sbin:/usr/sbin:.:/home1/09647/erikgarrison/.fzf/bin
++ PATH=/work2/09647/erikgarrison/stampede3/micromamba/envs/gruboros/bin:/opt/apps/xalt/xalt/bin:/scratch/projects/compilers/intel24.0/oneapi/intelpython/python3.9/bin:/home1/apps/nvidia/Linux_x86_64/25.3/comm_libs/12.8/nvshmem/bin:/home1/apps/nvidia/Linux_x86_64/25.3/cuda/12.8/bin:/opt/intel/oneapi/mpi/2021.11/opt/mpi/libfabric/bin:/opt/intel/oneapi/mpi/2021.11/libfabric/bin:/opt/intel/oneapi/mpi/2021.11/bin:/opt/apps/gcc/13.2.0/bin:/home1/09647/erikgarrison/bin:/home1/09647/erikgarrison/.nvm/versions/node/v22.17.1/bin:/work2/09647/erikgarrison/stampede3/micromamba/condabin:/home1/09647/erikgarrison/.cargo/bin:/home1/apps/cmake/3.31.5/bin:/opt/apps/autotools/1.4/bin:/usr/local/bin:/usr/bin:/usr/local/sbin:/usr/sbin:.:/home1/09647/erikgarrison/.fzf/bin
++ export CONDA_SHLVL=1
++ CONDA_SHLVL=1
++ export 'CONDA_PROMPT_MODIFIER=(gruboros) '
++ CONDA_PROMPT_MODIFIER='(gruboros) '
++ . /work2/09647/erikgarrison/stampede3/micromamba/envs/gruboros/etc/conda/activate.d/libblas_mkl_activate.sh
+++ export CONDA_MKL_INTERFACE_LAYER_BACKUP=
+++ CONDA_MKL_INTERFACE_LAYER_BACKUP=
+++ export MKL_INTERFACE_LAYER=LP64,GNU
+++ MKL_INTERFACE_LAYER=LP64,GNU
++ . /work2/09647/erikgarrison/stampede3/micromamba/envs/gruboros/etc/conda/activate.d/libxml2_activate.sh
+++ test -n ''
+++ xml_catalog_files_libxml2=
+++ XML_CATALOG_FILES=
+++ conda_catalog_files=
+++ ifs_libxml2=' 	
'
+++ IFS=' '
+++ rem=/work2/09647/erikgarrison/stampede3/micromamba/envs/gruboros
+++ for pre in ${rem}
+++ test '' = /work2/09647/erikgarrison/stampede3/micromamba/envs/gruboros
+++ conda_catalog_files=/work2/09647/erikgarrison/stampede3/micromamba/envs/gruboros
+++ rem=
+++ IFS=' 	
'
+++ conda_catalog_files='file:///work2/09647/erikgarrison/stampede3/micromamba/envs/gruboros/etc/xml/catalog file:///etc/xml/catalog'
+++ export 'XML_CATALOG_FILES=file:///work2/09647/erikgarrison/stampede3/micromamba/envs/gruboros/etc/xml/catalog file:///etc/xml/catalog'
+++ XML_CATALOG_FILES='file:///work2/09647/erikgarrison/stampede3/micromamba/envs/gruboros/etc/xml/catalog file:///etc/xml/catalog'
+++ unset conda_catalog_files ifs_libxml2 rem
+ __mamba_hashr
+ '[' -n '' ']'
+ '[' -n '' ']'
+ hash -r
++ hostname -i
+ export MASTER_ADDR=129.114.122.175
+ MASTER_ADDR=129.114.122.175
+ export MASTER_PORT=29500
+ MASTER_PORT=29500
+ GPUS_PER_NODE=4
+ echo 'Using 4 GPUs per node (Stampede3 H100 configuration)'
+ export WORLD_SIZE=16
+ WORLD_SIZE=16
+ export RANKS_PER_NODE=4
+ RANKS_PER_NODE=4
+ export TORCH_DISTRIBUTED_TIMEOUT=7200s
+ TORCH_DISTRIBUTED_TIMEOUT=7200s
+ export OMP_NUM_THREADS=8
+ OMP_NUM_THREADS=8
+ export NCCL_DEBUG=INFO
+ NCCL_DEBUG=INFO
+ ulimit -n 65536
++ date +%Y%m%d_%H%M%S
+ TIMESTAMP=20250817_075319
+ NAME=350m_enwik9_4node_1k_batch4
+ GIT_HASH=
+ git rev-parse --is-inside-work-tree
++ git rev-parse --short=7 HEAD
+ GIT_HASH=2e63cf7
+ '[' -n 2e63cf7 ']'
+ OUTPUT_DIR=/scratch/09647/erikgarrison/models/gruboros/20250817_075319_350m_enwik9_4node_1k_batch4_2e63cf7
+ DATA_PATH=/scratch/09647/erikgarrison/train/enwik9
+ '[' '!' -f /scratch/09647/erikgarrison/train/enwik9 ']'
+ mkdir -p /scratch/09647/erikgarrison/models/gruboros/20250817_075319_350m_enwik9_4node_1k_batch4_2e63cf7/gossip /scratch/09647/erikgarrison/models/gruboros/20250817_075319_350m_enwik9_4node_1k_batch4_2e63cf7/metrics /scratch/09647/erikgarrison/models/gruboros/20250817_075319_350m_enwik9_4node_1k_batch4_2e63cf7/logs
+ mkdir -p logs
+ GOSSIP_TEMP_DIR=/tmp/gossip_2248437
+ mkdir -p /tmp/gossip_2248437
+ echo 'Job ID: 2248437'
+ echo 'Node list: c561-[006-007],c562-[004-005]'
+ echo 'Master addr: 129.114.122.175'
+ echo 'Output dir: /scratch/09647/erikgarrison/models/gruboros/20250817_075319_350m_enwik9_4node_1k_batch4_2e63cf7'
+ echo 'Data path: /scratch/09647/erikgarrison/train/enwik9'
+ echo 'Starting 350M parameter pure RNN training on 4 H100 nodes with 1k chunk size, batch_size=4'
+ srun --ntasks=16 --ntasks-per-node=4 --cpus-per-task=24 --distribution=block:block ./run_training_task.sh --data /scratch/09647/erikgarrison/train/enwik9 --output /scratch/09647/erikgarrison/models/gruboros/20250817_075319_350m_enwik9_4node_1k_batch4_2e63cf7 --params 350m --dim 1024 --expansion_factor 4.0 --ff_mult 0 --train_steps 10000000 --save_every 500 --lr 0.001 --sf_beta 0.9 --sf_beta2 0.995 --weight_decay 0.0001 --batch_size 4 --grad_accum 16 --chunk_size 1024 --keep_checkpoints 5 --keep_elite 32 --archive_rate 0.0067 --gossip_merge_method recombination --gossip_recombination_alpha 0.2 --gossip_optimizer_recombination interpolate --gossip_mixing_rate 0.002 --gossip_temp_dir /tmp/gossip_2248437 --gossip_p_value_threshold 0.1 --gossip_fitness_window 10000 --validation_sequences 16 --validation_sequence_length 8k --validation_interval 500 --filesystem-coordinator --fitness-weighted-checkpointing --elite-checkpoint-multiplier 20.0 --cuda
Traceback (most recent call last):
  File "/work2/09647/erikgarrison/stampede3/gruboros/train.py", line 1128, in <module>
    main()
  File "/work2/09647/erikgarrison/stampede3/gruboros/train.py", line 1033, in main
    batch_size_actual, seq_len = labels.shape
    ^^^^^^^^^^^^^^^^^^^^^^^^^^
ValueError: too many values to unpack (expected 2)
srun: error: c561-007: task 6: Exited with exit code 1
Traceback (most recent call last):
  File "/work2/09647/erikgarrison/stampede3/gruboros/train.py", line 1128, in <module>
    main()
  File "/work2/09647/erikgarrison/stampede3/gruboros/train.py", line 1033, in main
    batch_size_actual, seq_len = labels.shape
    ^^^^^^^^^^^^^^^^^^^^^^^^^^
ValueError: too many values to unpack (expected 2)
srun: error: c561-007: task 7: Exited with exit code 1
Traceback (most recent call last):
  File "/work2/09647/erikgarrison/stampede3/gruboros/train.py", line 1128, in <module>
    main()
  File "/work2/09647/erikgarrison/stampede3/gruboros/train.py", line 1033, in main
    batch_size_actual, seq_len = labels.shape
    ^^^^^^^^^^^^^^^^^^^^^^^^^^
ValueError: too many values to unpack (expected 2)
srun: error: c562-004: task 11: Exited with exit code 1
Traceback (most recent call last):
  File "/work2/09647/erikgarrison/stampede3/gruboros/train.py", line 1128, in <module>
    main()
  File "/work2/09647/erikgarrison/stampede3/gruboros/train.py", line 1033, in main
    batch_size_actual, seq_len = labels.shape
    ^^^^^^^^^^^^^^^^^^^^^^^^^^
ValueError: too many values to unpack (expected 2)
srun: error: c561-006: task 2: Exited with exit code 1
Traceback (most recent call last):
  File "/work2/09647/erikgarrison/stampede3/gruboros/train.py", line 1128, in <module>
    main()
  File "/work2/09647/erikgarrison/stampede3/gruboros/train.py", line 1033, in main
    batch_size_actual, seq_len = labels.shape
    ^^^^^^^^^^^^^^^^^^^^^^^^^^
ValueError: too many values to unpack (expected 2)
srun: error: c561-006: task 1: Exited with exit code 1
Traceback (most recent call last):
  File "/work2/09647/erikgarrison/stampede3/gruboros/train.py", line 1128, in <module>
    main()
  File "/work2/09647/erikgarrison/stampede3/gruboros/train.py", line 1033, in main
    batch_size_actual, seq_len = labels.shape
    ^^^^^^^^^^^^^^^^^^^^^^^^^^
ValueError: too many values to unpack (expected 2)
srun: error: c561-006: task 3: Exited with exit code 1
Traceback (most recent call last):
  File "/work2/09647/erikgarrison/stampede3/gruboros/train.py", line 1128, in <module>
    main()
  File "/work2/09647/erikgarrison/stampede3/gruboros/train.py", line 1033, in main
    batch_size_actual, seq_len = labels.shape
    ^^^^^^^^^^^^^^^^^^^^^^^^^^
ValueError: too many values to unpack (expected 2)
srun: error: c562-005: task 12: Exited with exit code 1
Traceback (most recent call last):
  File "/work2/09647/erikgarrison/stampede3/gruboros/train.py", line 1128, in <module>
    main()
  File "/work2/09647/erikgarrison/stampede3/gruboros/train.py", line 1033, in main
    batch_size_actual, seq_len = labels.shape
    ^^^^^^^^^^^^^^^^^^^^^^^^^^
ValueError: too many values to unpack (expected 2)
srun: error: c562-005: task 13: Exited with exit code 1
Traceback (most recent call last):
  File "/work2/09647/erikgarrison/stampede3/gruboros/train.py", line 1128, in <module>
    main()
  File "/work2/09647/erikgarrison/stampede3/gruboros/train.py", line 1033, in main
    batch_size_actual, seq_len = labels.shape
    ^^^^^^^^^^^^^^^^^^^^^^^^^^
ValueError: too many values to unpack (expected 2)
srun: error: c561-007: task 4: Exited with exit code 1
Traceback (most recent call last):
  File "/work2/09647/erikgarrison/stampede3/gruboros/train.py", line 1128, in <module>
    main()
  File "/work2/09647/erikgarrison/stampede3/gruboros/train.py", line 1033, in main
    batch_size_actual, seq_len = labels.shape
    ^^^^^^^^^^^^^^^^^^^^^^^^^^
ValueError: too many values to unpack (expected 2)
srun: error: c562-004: task 8: Exited with exit code 1
Traceback (most recent call last):
  File "/work2/09647/erikgarrison/stampede3/gruboros/train.py", line 1128, in <module>
    main()
  File "/work2/09647/erikgarrison/stampede3/gruboros/train.py", line 1033, in main
    batch_size_actual, seq_len = labels.shape
    ^^^^^^^^^^^^^^^^^^^^^^^^^^
ValueError: too many values to unpack (expected 2)
srun: error: c562-005: task 15: Exited with exit code 1
Traceback (most recent call last):
  File "/work2/09647/erikgarrison/stampede3/gruboros/train.py", line 1128, in <module>
    main()
  File "/work2/09647/erikgarrison/stampede3/gruboros/train.py", line 1033, in main
    batch_size_actual, seq_len = labels.shape
    ^^^^^^^^^^^^^^^^^^^^^^^^^^
ValueError: too many values to unpack (expected 2)
srun: error: c562-005: task 14: Exited with exit code 1
Traceback (most recent call last):
  File "/work2/09647/erikgarrison/stampede3/gruboros/train.py", line 1128, in <module>
    main()
  File "/work2/09647/erikgarrison/stampede3/gruboros/train.py", line 1033, in main
    batch_size_actual, seq_len = labels.shape
    ^^^^^^^^^^^^^^^^^^^^^^^^^^
ValueError: too many values to unpack (expected 2)
srun: error: c561-007: task 5: Exited with exit code 1
Train:   0%|          | 0/10000000 [00:00<?, ?it/s] Traceback (most recent call last):
  File "/work2/09647/erikgarrison/stampede3/gruboros/train.py", line 1128, in <module>
    main()
  File "/work2/09647/erikgarrison/stampede3/gruboros/train.py", line 1033, in main
    batch_size_actual, seq_len = labels.shape
    ^^^^^^^^^^^^^^^^^^^^^^^^^^
ValueError: too many values to unpack (expected 2)
Train:   0%|          | 0/10000000 [00:00<?, ?it/s] 
srun: error: c561-006: task 0: Exited with exit code 1
Traceback (most recent call last):
  File "/work2/09647/erikgarrison/stampede3/gruboros/train.py", line 1128, in <module>
    main()
  File "/work2/09647/erikgarrison/stampede3/gruboros/train.py", line 1033, in main
    batch_size_actual, seq_len = labels.shape
    ^^^^^^^^^^^^^^^^^^^^^^^^^^
ValueError: too many values to unpack (expected 2)
srun: error: c562-004: task 10: Exited with exit code 1
Traceback (most recent call last):
  File "/work2/09647/erikgarrison/stampede3/gruboros/train.py", line 1128, in <module>
    main()
  File "/work2/09647/erikgarrison/stampede3/gruboros/train.py", line 1033, in main
    batch_size_actual, seq_len = labels.shape
    ^^^^^^^^^^^^^^^^^^^^^^^^^^
ValueError: too many values to unpack (expected 2)
srun: error: c562-004: task 9: Exited with exit code 1
