Shell debugging temporarily silenced: export LMOD_SH_DBG_ON=1 for Lmod's output
Shell debugging restarted
Shell debugging temporarily silenced: export LMOD_SH_DBG_ON=1 for Lmod's output
Shell debugging restarted
Shell debugging temporarily silenced: export LMOD_SH_DBG_ON=1 for Lmod's output
Shell debugging restarted
Shell debugging temporarily silenced: export LMOD_SH_DBG_ON=1 for Lmod's output
Shell debugging restarted

Pinned packages:
  - python 3.11.*


Transaction

  Prefix: /work2/09647/erikgarrison/stampede3/micromamba/envs/gruboros

  All requested packages already installed


Transaction starting

Transaction finished

To activate this environment, use:

    micromamba activate gruboros

Or to execute a single command in this environment, use:

    micromamba run -n gruboros mycommand

Using 4 GPUs per node (Stampede3 H100 configuration)
Job ID: 2248491
Node list: c561-[006-007],c562-[004-005]
Master addr: 129.114.122.175
Output dir: /scratch/09647/erikgarrison/models/gruboros/20250817_083151_350m_enwik9_4node_1k_batch4_3fab364
Data path: /scratch/09647/erikgarrison/train/enwik9
Starting 350M parameter pure RNN training on 4 H100 nodes with 1k chunk size, batch_size=4
Task starting: RANK=2 LOCAL_RANK=2 on c561-006.stampede3.tacc.utexas.edu
Task starting: RANK=3 LOCAL_RANK=3 on c561-006.stampede3.tacc.utexas.edu
Task starting: RANK=0 LOCAL_RANK=0 on c561-006.stampede3.tacc.utexas.edu
Task starting: RANK=1 LOCAL_RANK=1 on c561-006.stampede3.tacc.utexas.edu
Task starting: RANK=4 LOCAL_RANK=0 on c561-007.stampede3.tacc.utexas.edu
Task starting: RANK=5 LOCAL_RANK=1 on c561-007.stampede3.tacc.utexas.edu
Task starting: RANK=6 LOCAL_RANK=2 on c561-007.stampede3.tacc.utexas.edu
Task starting: RANK=7 LOCAL_RANK=3 on c561-007.stampede3.tacc.utexas.edu
Task starting: RANK=15 LOCAL_RANK=3 on c562-005.stampede3.tacc.utexas.edu
Task starting: RANK=8 LOCAL_RANK=0 on c562-004.stampede3.tacc.utexas.edu
Task starting: RANK=14 LOCAL_RANK=2 on c562-005.stampede3.tacc.utexas.edu
Task starting: RANK=12 LOCAL_RANK=0 on c562-005.stampede3.tacc.utexas.edu
Task starting: RANK=13 LOCAL_RANK=1 on c562-005.stampede3.tacc.utexas.edu
Task starting: RANK=9 LOCAL_RANK=1 on c562-004.stampede3.tacc.utexas.edu
Task starting: RANK=10 LOCAL_RANK=2 on c562-004.stampede3.tacc.utexas.edu
Task starting: RANK=11 LOCAL_RANK=3 on c562-004.stampede3.tacc.utexas.edu
