+ module load gcc/13.2.0
+ '[' -z '' ']'
+ case "$-" in
+ __lmod_sh_dbg=x
+ '[' -n x ']'
+ set +x

Lmod is automatically replacing "intel/24.0" with "gcc/13.2.0".


Due to MODULEPATH changes, the following have been reloaded:
  1) impi/21.11

+ unset __lmod_sh_dbg
+ return 0
+ module load cuda/12.8
+ '[' -z '' ']'
+ case "$-" in
+ __lmod_sh_dbg=x
+ '[' -n x ']'
+ set +x
+ unset __lmod_sh_dbg
+ return 0
+ module load python3/3.9.18
+ '[' -z '' ']'
+ case "$-" in
+ __lmod_sh_dbg=x
+ '[' -n x ']'
+ set +x
Lmod has detected the following error: The following module(s) are unknown:
"python3/3.9.18"

Please check the spelling or version number. Also try "module spider ..."
It is also possible your cache file is out-of-date; it may help to try:
  $ module --ignore_cache load "python3/3.9.18"

Also make sure that all modulefiles written in TCL start with the string
#%Module



+ unset __lmod_sh_dbg
+ return 1
